core   0: 0x00001000 (0x00000297) auipc   t0, 0x0
core   0: 3 0x00001000 (0x00000297) x5  0x00001000
core   0: 0x00001004 (0x02028593) addi    a1, t0, 32
core   0: 3 0x00001004 (0x02028593) x11 0x00001020
core   0: 0x00001008 (0xf1402573) csrr    a0, mhartid
core   0: 3 0x00001008 (0xf1402573) x10 0x00000000
core   0: 0x0000100c (0x0182a283) lw      t0, 24(t0)
core   0: 3 0x0000100c (0x0182a283) x5  0x80000000 mem 0x00001018
core   0: 0x00001010 (0x00028067) jr      t0
core   0: 3 0x00001010 (0x00028067)
core   0: 0x80000000 (0x80040137) lui     sp, 0x80040
core   0: 3 0x80000000 (0x80040137) x2  0x80040000
core   0: 0x80000004 (0xffc10113) addi    sp, sp, -4
core   0: 3 0x80000004 (0xffc10113) x2  0x8003fffc
core   0: 0x80000008 (0x008000ef) jal     pc + 0x8
core   0: 3 0x80000008 (0x008000ef) x1  0x8000000c
core   0: 0x80000010 (0xfd010113) addi    sp, sp, -48
core   0: 3 0x80000010 (0xfd010113) x2  0x8003ffcc
core   0: 0x80000014 (0x02812623) sw      s0, 44(sp)
core   0: 3 0x80000014 (0x02812623) mem 0x8003fff8 0x00000000
core   0: 0x80000018 (0x03010413) addi    s0, sp, 48
core   0: 3 0x80000018 (0x03010413) x8  0x8003fffc
core   0: 0x8000001c (0x800027b7) lui     a5, 0x80002
core   0: 3 0x8000001c (0x800027b7) x15 0x80002000
core   0: 0x80000020 (0xfef42023) sw      a5, -32(s0)
core   0: 3 0x80000020 (0xfef42023) mem 0x8003ffdc 0x80002000
core   0: 0x80000024 (0xfe042623) sw      zero, -20(s0)
core   0: 3 0x80000024 (0xfe042623) mem 0x8003ffe8 0x00000000
core   0: 0x80000028 (0x00100793) li      a5, 1
core   0: 3 0x80000028 (0x00100793) x15 0x00000001
core   0: 0x8000002c (0xfef42423) sw      a5, -24(s0)
core   0: 3 0x8000002c (0xfef42423) mem 0x8003ffe4 0x00000001
core   0: 0x80000030 (0xfe042223) sw      zero, -28(s0)
core   0: 3 0x80000030 (0xfe042223) mem 0x8003ffe0 0x00000000
core   0: 0x80000034 (0x0480006f) j       pc + 0x48
core   0: 3 0x80000034 (0x0480006f)
core   0: 0x8000007c (0xfe442703) lw      a4, -28(s0)
core   0: 3 0x8000007c (0xfe442703) x14 0x00000000 mem 0x8003ffe0
core   0: 0x80000080 (0x00900793) li      a5, 9
core   0: 3 0x80000080 (0x00900793) x15 0x00000009
core   0: 0x80000084 (0xfae7fae3) bgeu    a5, a4, pc - 76
core   0: 3 0x80000084 (0xfae7fae3)
core   0: 0x80000038 (0xfe442783) lw      a5, -28(s0)
core   0: 3 0x80000038 (0xfe442783) x15 0x00000000 mem 0x8003ffe0
core   0: 0x8000003c (0x00279793) slli    a5, a5, 2
core   0: 3 0x8000003c (0x00279793) x15 0x00000000
core   0: 0x80000040 (0xfe042703) lw      a4, -32(s0)
core   0: 3 0x80000040 (0xfe042703) x14 0x80002000 mem 0x8003ffdc
core   0: 0x80000044 (0x00f707b3) add     a5, a4, a5
core   0: 3 0x80000044 (0x00f707b3) x15 0x80002000
core   0: 0x80000048 (0xfec42703) lw      a4, -20(s0)
core   0: 3 0x80000048 (0xfec42703) x14 0x00000000 mem 0x8003ffe8
core   0: 0x8000004c (0x00e7a023) sw      a4, 0(a5)
core   0: 3 0x8000004c (0x00e7a023) mem 0x80002000 0x00000000
core   0: 0x80000050 (0xfec42703) lw      a4, -20(s0)
core   0: 3 0x80000050 (0xfec42703) x14 0x00000000 mem 0x8003ffe8
core   0: 0x80000054 (0xfe842783) lw      a5, -24(s0)
core   0: 3 0x80000054 (0xfe842783) x15 0x00000001 mem 0x8003ffe4
core   0: 0x80000058 (0x00f707b3) add     a5, a4, a5
core   0: 3 0x80000058 (0x00f707b3) x15 0x00000001
core   0: 0x8000005c (0xfcf42e23) sw      a5, -36(s0)
core   0: 3 0x8000005c (0xfcf42e23) mem 0x8003ffd8 0x00000001
core   0: 0x80000060 (0xfe842783) lw      a5, -24(s0)
core   0: 3 0x80000060 (0xfe842783) x15 0x00000001 mem 0x8003ffe4
core   0: 0x80000064 (0xfef42623) sw      a5, -20(s0)
core   0: 3 0x80000064 (0xfef42623) mem 0x8003ffe8 0x00000001
core   0: 0x80000068 (0xfdc42783) lw      a5, -36(s0)
core   0: 3 0x80000068 (0xfdc42783) x15 0x00000001 mem 0x8003ffd8
core   0: 0x8000006c (0xfef42423) sw      a5, -24(s0)
core   0: 3 0x8000006c (0xfef42423) mem 0x8003ffe4 0x00000001
core   0: 0x80000070 (0xfe442783) lw      a5, -28(s0)
core   0: 3 0x80000070 (0xfe442783) x15 0x00000000 mem 0x8003ffe0
core   0: 0x80000074 (0x00178793) addi    a5, a5, 1
core   0: 3 0x80000074 (0x00178793) x15 0x00000001
core   0: 0x80000078 (0xfef42223) sw      a5, -28(s0)
core   0: 3 0x80000078 (0xfef42223) mem 0x8003ffe0 0x00000001
core   0: 0x8000007c (0xfe442703) lw      a4, -28(s0)
core   0: 3 0x8000007c (0xfe442703) x14 0x00000001 mem 0x8003ffe0
core   0: 0x80000080 (0x00900793) li      a5, 9
core   0: 3 0x80000080 (0x00900793) x15 0x00000009
core   0: 0x80000084 (0xfae7fae3) bgeu    a5, a4, pc - 76
core   0: 3 0x80000084 (0xfae7fae3)
core   0: 0x80000038 (0xfe442783) lw      a5, -28(s0)
core   0: 3 0x80000038 (0xfe442783) x15 0x00000001 mem 0x8003ffe0
core   0: 0x8000003c (0x00279793) slli    a5, a5, 2
core   0: 3 0x8000003c (0x00279793) x15 0x00000004
core   0: 0x80000040 (0xfe042703) lw      a4, -32(s0)
core   0: 3 0x80000040 (0xfe042703) x14 0x80002000 mem 0x8003ffdc
core   0: 0x80000044 (0x00f707b3) add     a5, a4, a5
core   0: 3 0x80000044 (0x00f707b3) x15 0x80002004
core   0: 0x80000048 (0xfec42703) lw      a4, -20(s0)
core   0: 3 0x80000048 (0xfec42703) x14 0x00000001 mem 0x8003ffe8
core   0: 0x8000004c (0x00e7a023) sw      a4, 0(a5)
core   0: 3 0x8000004c (0x00e7a023) mem 0x80002004 0x00000001
core   0: 0x80000050 (0xfec42703) lw      a4, -20(s0)
core   0: 3 0x80000050 (0xfec42703) x14 0x00000001 mem 0x8003ffe8
core   0: 0x80000054 (0xfe842783) lw      a5, -24(s0)
core   0: 3 0x80000054 (0xfe842783) x15 0x00000001 mem 0x8003ffe4
core   0: 0x80000058 (0x00f707b3) add     a5, a4, a5
core   0: 3 0x80000058 (0x00f707b3) x15 0x00000002
core   0: 0x8000005c (0xfcf42e23) sw      a5, -36(s0)
core   0: 3 0x8000005c (0xfcf42e23) mem 0x8003ffd8 0x00000002
core   0: 0x80000060 (0xfe842783) lw      a5, -24(s0)
core   0: 3 0x80000060 (0xfe842783) x15 0x00000001 mem 0x8003ffe4
core   0: 0x80000064 (0xfef42623) sw      a5, -20(s0)
core   0: 3 0x80000064 (0xfef42623) mem 0x8003ffe8 0x00000001
core   0: 0x80000068 (0xfdc42783) lw      a5, -36(s0)
core   0: 3 0x80000068 (0xfdc42783) x15 0x00000002 mem 0x8003ffd8
core   0: 0x8000006c (0xfef42423) sw      a5, -24(s0)
core   0: 3 0x8000006c (0xfef42423) mem 0x8003ffe4 0x00000002
core   0: 0x80000070 (0xfe442783) lw      a5, -28(s0)
core   0: 3 0x80000070 (0xfe442783) x15 0x00000001 mem 0x8003ffe0
core   0: 0x80000074 (0x00178793) addi    a5, a5, 1
core   0: 3 0x80000074 (0x00178793) x15 0x00000002
core   0: 0x80000078 (0xfef42223) sw      a5, -28(s0)
core   0: 3 0x80000078 (0xfef42223) mem 0x8003ffe0 0x00000002
core   0: 0x8000007c (0xfe442703) lw      a4, -28(s0)
core   0: 3 0x8000007c (0xfe442703) x14 0x00000002 mem 0x8003ffe0
core   0: 0x80000080 (0x00900793) li      a5, 9
core   0: 3 0x80000080 (0x00900793) x15 0x00000009
core   0: 0x80000084 (0xfae7fae3) bgeu    a5, a4, pc - 76
core   0: 3 0x80000084 (0xfae7fae3)
core   0: 0x80000038 (0xfe442783) lw      a5, -28(s0)
core   0: 3 0x80000038 (0xfe442783) x15 0x00000002 mem 0x8003ffe0
core   0: 0x8000003c (0x00279793) slli    a5, a5, 2
core   0: 3 0x8000003c (0x00279793) x15 0x00000008
core   0: 0x80000040 (0xfe042703) lw      a4, -32(s0)
core   0: 3 0x80000040 (0xfe042703) x14 0x80002000 mem 0x8003ffdc
core   0: 0x80000044 (0x00f707b3) add     a5, a4, a5
core   0: 3 0x80000044 (0x00f707b3) x15 0x80002008
core   0: 0x80000048 (0xfec42703) lw      a4, -20(s0)
core   0: 3 0x80000048 (0xfec42703) x14 0x00000001 mem 0x8003ffe8
core   0: 0x8000004c (0x00e7a023) sw      a4, 0(a5)
core   0: 3 0x8000004c (0x00e7a023) mem 0x80002008 0x00000001
core   0: 0x80000050 (0xfec42703) lw      a4, -20(s0)
core   0: 3 0x80000050 (0xfec42703) x14 0x00000001 mem 0x8003ffe8
core   0: 0x80000054 (0xfe842783) lw      a5, -24(s0)
core   0: 3 0x80000054 (0xfe842783) x15 0x00000002 mem 0x8003ffe4
core   0: 0x80000058 (0x00f707b3) add     a5, a4, a5
core   0: 3 0x80000058 (0x00f707b3) x15 0x00000003
core   0: 0x8000005c (0xfcf42e23) sw      a5, -36(s0)
core   0: 3 0x8000005c (0xfcf42e23) mem 0x8003ffd8 0x00000003
core   0: 0x80000060 (0xfe842783) lw      a5, -24(s0)
core   0: 3 0x80000060 (0xfe842783) x15 0x00000002 mem 0x8003ffe4
core   0: 0x80000064 (0xfef42623) sw      a5, -20(s0)
core   0: 3 0x80000064 (0xfef42623) mem 0x8003ffe8 0x00000002
core   0: 0x80000068 (0xfdc42783) lw      a5, -36(s0)
core   0: 3 0x80000068 (0xfdc42783) x15 0x00000003 mem 0x8003ffd8
core   0: 0x8000006c (0xfef42423) sw      a5, -24(s0)
core   0: 3 0x8000006c (0xfef42423) mem 0x8003ffe4 0x00000003
core   0: 0x80000070 (0xfe442783) lw      a5, -28(s0)
core   0: 3 0x80000070 (0xfe442783) x15 0x00000002 mem 0x8003ffe0
core   0: 0x80000074 (0x00178793) addi    a5, a5, 1
core   0: 3 0x80000074 (0x00178793) x15 0x00000003
core   0: 0x80000078 (0xfef42223) sw      a5, -28(s0)
core   0: 3 0x80000078 (0xfef42223) mem 0x8003ffe0 0x00000003
core   0: 0x8000007c (0xfe442703) lw      a4, -28(s0)
core   0: 3 0x8000007c (0xfe442703) x14 0x00000003 mem 0x8003ffe0
core   0: 0x80000080 (0x00900793) li      a5, 9
core   0: 3 0x80000080 (0x00900793) x15 0x00000009
core   0: 0x80000084 (0xfae7fae3) bgeu    a5, a4, pc - 76
core   0: 3 0x80000084 (0xfae7fae3)
core   0: 0x80000038 (0xfe442783) lw      a5, -28(s0)
core   0: 3 0x80000038 (0xfe442783) x15 0x00000003 mem 0x8003ffe0
core   0: 0x8000003c (0x00279793) slli    a5, a5, 2
core   0: 3 0x8000003c (0x00279793) x15 0x0000000c
core   0: 0x80000040 (0xfe042703) lw      a4, -32(s0)
core   0: 3 0x80000040 (0xfe042703) x14 0x80002000 mem 0x8003ffdc
core   0: 0x80000044 (0x00f707b3) add     a5, a4, a5
core   0: 3 0x80000044 (0x00f707b3) x15 0x8000200c
core   0: 0x80000048 (0xfec42703) lw      a4, -20(s0)
core   0: 3 0x80000048 (0xfec42703) x14 0x00000002 mem 0x8003ffe8
core   0: 0x8000004c (0x00e7a023) sw      a4, 0(a5)
core   0: 3 0x8000004c (0x00e7a023) mem 0x8000200c 0x00000002
core   0: 0x80000050 (0xfec42703) lw      a4, -20(s0)
core   0: 3 0x80000050 (0xfec42703) x14 0x00000002 mem 0x8003ffe8
core   0: 0x80000054 (0xfe842783) lw      a5, -24(s0)
core   0: 3 0x80000054 (0xfe842783) x15 0x00000003 mem 0x8003ffe4
core   0: 0x80000058 (0x00f707b3) add     a5, a4, a5
core   0: 3 0x80000058 (0x00f707b3) x15 0x00000005
core   0: 0x8000005c (0xfcf42e23) sw      a5, -36(s0)
core   0: 3 0x8000005c (0xfcf42e23) mem 0x8003ffd8 0x00000005
core   0: 0x80000060 (0xfe842783) lw      a5, -24(s0)
core   0: 3 0x80000060 (0xfe842783) x15 0x00000003 mem 0x8003ffe4
core   0: 0x80000064 (0xfef42623) sw      a5, -20(s0)
core   0: 3 0x80000064 (0xfef42623) mem 0x8003ffe8 0x00000003
core   0: 0x80000068 (0xfdc42783) lw      a5, -36(s0)
core   0: 3 0x80000068 (0xfdc42783) x15 0x00000005 mem 0x8003ffd8
core   0: 0x8000006c (0xfef42423) sw      a5, -24(s0)
core   0: 3 0x8000006c (0xfef42423) mem 0x8003ffe4 0x00000005
core   0: 0x80000070 (0xfe442783) lw      a5, -28(s0)
core   0: 3 0x80000070 (0xfe442783) x15 0x00000003 mem 0x8003ffe0
core   0: 0x80000074 (0x00178793) addi    a5, a5, 1
core   0: 3 0x80000074 (0x00178793) x15 0x00000004
core   0: 0x80000078 (0xfef42223) sw      a5, -28(s0)
core   0: 3 0x80000078 (0xfef42223) mem 0x8003ffe0 0x00000004
core   0: 0x8000007c (0xfe442703) lw      a4, -28(s0)
core   0: 3 0x8000007c (0xfe442703) x14 0x00000004 mem 0x8003ffe0
core   0: 0x80000080 (0x00900793) li      a5, 9
core   0: 3 0x80000080 (0x00900793) x15 0x00000009
core   0: 0x80000084 (0xfae7fae3) bgeu    a5, a4, pc - 76
core   0: 3 0x80000084 (0xfae7fae3)
core   0: 0x80000038 (0xfe442783) lw      a5, -28(s0)
core   0: 3 0x80000038 (0xfe442783) x15 0x00000004 mem 0x8003ffe0
core   0: 0x8000003c (0x00279793) slli    a5, a5, 2
core   0: 3 0x8000003c (0x00279793) x15 0x00000010
core   0: 0x80000040 (0xfe042703) lw      a4, -32(s0)
core   0: 3 0x80000040 (0xfe042703) x14 0x80002000 mem 0x8003ffdc
core   0: 0x80000044 (0x00f707b3) add     a5, a4, a5
core   0: 3 0x80000044 (0x00f707b3) x15 0x80002010
core   0: 0x80000048 (0xfec42703) lw      a4, -20(s0)
core   0: 3 0x80000048 (0xfec42703) x14 0x00000003 mem 0x8003ffe8
core   0: 0x8000004c (0x00e7a023) sw      a4, 0(a5)
core   0: 3 0x8000004c (0x00e7a023) mem 0x80002010 0x00000003
core   0: 0x80000050 (0xfec42703) lw      a4, -20(s0)
core   0: 3 0x80000050 (0xfec42703) x14 0x00000003 mem 0x8003ffe8
core   0: 0x80000054 (0xfe842783) lw      a5, -24(s0)
core   0: 3 0x80000054 (0xfe842783) x15 0x00000005 mem 0x8003ffe4
core   0: 0x80000058 (0x00f707b3) add     a5, a4, a5
core   0: 3 0x80000058 (0x00f707b3) x15 0x00000008
core   0: 0x8000005c (0xfcf42e23) sw      a5, -36(s0)
core   0: 3 0x8000005c (0xfcf42e23) mem 0x8003ffd8 0x00000008
core   0: 0x80000060 (0xfe842783) lw      a5, -24(s0)
core   0: 3 0x80000060 (0xfe842783) x15 0x00000005 mem 0x8003ffe4
core   0: 0x80000064 (0xfef42623) sw      a5, -20(s0)
core   0: 3 0x80000064 (0xfef42623) mem 0x8003ffe8 0x00000005
core   0: 0x80000068 (0xfdc42783) lw      a5, -36(s0)
core   0: 3 0x80000068 (0xfdc42783) x15 0x00000008 mem 0x8003ffd8
core   0: 0x8000006c (0xfef42423) sw      a5, -24(s0)
core   0: 3 0x8000006c (0xfef42423) mem 0x8003ffe4 0x00000008
core   0: 0x80000070 (0xfe442783) lw      a5, -28(s0)
core   0: 3 0x80000070 (0xfe442783) x15 0x00000004 mem 0x8003ffe0
core   0: 0x80000074 (0x00178793) addi    a5, a5, 1
core   0: 3 0x80000074 (0x00178793) x15 0x00000005
core   0: 0x80000078 (0xfef42223) sw      a5, -28(s0)
core   0: 3 0x80000078 (0xfef42223) mem 0x8003ffe0 0x00000005
core   0: 0x8000007c (0xfe442703) lw      a4, -28(s0)
core   0: 3 0x8000007c (0xfe442703) x14 0x00000005 mem 0x8003ffe0
core   0: 0x80000080 (0x00900793) li      a5, 9
core   0: 3 0x80000080 (0x00900793) x15 0x00000009
core   0: 0x80000084 (0xfae7fae3) bgeu    a5, a4, pc - 76
core   0: 3 0x80000084 (0xfae7fae3)
core   0: 0x80000038 (0xfe442783) lw      a5, -28(s0)
core   0: 3 0x80000038 (0xfe442783) x15 0x00000005 mem 0x8003ffe0
core   0: 0x8000003c (0x00279793) slli    a5, a5, 2
core   0: 3 0x8000003c (0x00279793) x15 0x00000014
core   0: 0x80000040 (0xfe042703) lw      a4, -32(s0)
core   0: 3 0x80000040 (0xfe042703) x14 0x80002000 mem 0x8003ffdc
core   0: 0x80000044 (0x00f707b3) add     a5, a4, a5
core   0: 3 0x80000044 (0x00f707b3) x15 0x80002014
core   0: 0x80000048 (0xfec42703) lw      a4, -20(s0)
core   0: 3 0x80000048 (0xfec42703) x14 0x00000005 mem 0x8003ffe8
core   0: 0x8000004c (0x00e7a023) sw      a4, 0(a5)
core   0: 3 0x8000004c (0x00e7a023) mem 0x80002014 0x00000005
core   0: 0x80000050 (0xfec42703) lw      a4, -20(s0)
core   0: 3 0x80000050 (0xfec42703) x14 0x00000005 mem 0x8003ffe8
core   0: 0x80000054 (0xfe842783) lw      a5, -24(s0)
core   0: 3 0x80000054 (0xfe842783) x15 0x00000008 mem 0x8003ffe4
core   0: 0x80000058 (0x00f707b3) add     a5, a4, a5
core   0: 3 0x80000058 (0x00f707b3) x15 0x0000000d
core   0: 0x8000005c (0xfcf42e23) sw      a5, -36(s0)
core   0: 3 0x8000005c (0xfcf42e23) mem 0x8003ffd8 0x0000000d
core   0: 0x80000060 (0xfe842783) lw      a5, -24(s0)
core   0: 3 0x80000060 (0xfe842783) x15 0x00000008 mem 0x8003ffe4
core   0: 0x80000064 (0xfef42623) sw      a5, -20(s0)
core   0: 3 0x80000064 (0xfef42623) mem 0x8003ffe8 0x00000008
core   0: 0x80000068 (0xfdc42783) lw      a5, -36(s0)
core   0: 3 0x80000068 (0xfdc42783) x15 0x0000000d mem 0x8003ffd8
core   0: 0x8000006c (0xfef42423) sw      a5, -24(s0)
core   0: 3 0x8000006c (0xfef42423) mem 0x8003ffe4 0x0000000d
core   0: 0x80000070 (0xfe442783) lw      a5, -28(s0)
core   0: 3 0x80000070 (0xfe442783) x15 0x00000005 mem 0x8003ffe0
core   0: 0x80000074 (0x00178793) addi    a5, a5, 1
core   0: 3 0x80000074 (0x00178793) x15 0x00000006
core   0: 0x80000078 (0xfef42223) sw      a5, -28(s0)
core   0: 3 0x80000078 (0xfef42223) mem 0x8003ffe0 0x00000006
core   0: 0x8000007c (0xfe442703) lw      a4, -28(s0)
core   0: 3 0x8000007c (0xfe442703) x14 0x00000006 mem 0x8003ffe0
core   0: 0x80000080 (0x00900793) li      a5, 9
core   0: 3 0x80000080 (0x00900793) x15 0x00000009
core   0: 0x80000084 (0xfae7fae3) bgeu    a5, a4, pc - 76
core   0: 3 0x80000084 (0xfae7fae3)
core   0: 0x80000038 (0xfe442783) lw      a5, -28(s0)
core   0: 3 0x80000038 (0xfe442783) x15 0x00000006 mem 0x8003ffe0
core   0: 0x8000003c (0x00279793) slli    a5, a5, 2
core   0: 3 0x8000003c (0x00279793) x15 0x00000018
core   0: 0x80000040 (0xfe042703) lw      a4, -32(s0)
core   0: 3 0x80000040 (0xfe042703) x14 0x80002000 mem 0x8003ffdc
core   0: 0x80000044 (0x00f707b3) add     a5, a4, a5
core   0: 3 0x80000044 (0x00f707b3) x15 0x80002018
core   0: 0x80000048 (0xfec42703) lw      a4, -20(s0)
core   0: 3 0x80000048 (0xfec42703) x14 0x00000008 mem 0x8003ffe8
core   0: 0x8000004c (0x00e7a023) sw      a4, 0(a5)
core   0: 3 0x8000004c (0x00e7a023) mem 0x80002018 0x00000008
core   0: 0x80000050 (0xfec42703) lw      a4, -20(s0)
core   0: 3 0x80000050 (0xfec42703) x14 0x00000008 mem 0x8003ffe8
core   0: 0x80000054 (0xfe842783) lw      a5, -24(s0)
core   0: 3 0x80000054 (0xfe842783) x15 0x0000000d mem 0x8003ffe4
core   0: 0x80000058 (0x00f707b3) add     a5, a4, a5
core   0: 3 0x80000058 (0x00f707b3) x15 0x00000015
core   0: 0x8000005c (0xfcf42e23) sw      a5, -36(s0)
core   0: 3 0x8000005c (0xfcf42e23) mem 0x8003ffd8 0x00000015
core   0: 0x80000060 (0xfe842783) lw      a5, -24(s0)
core   0: 3 0x80000060 (0xfe842783) x15 0x0000000d mem 0x8003ffe4
core   0: 0x80000064 (0xfef42623) sw      a5, -20(s0)
core   0: 3 0x80000064 (0xfef42623) mem 0x8003ffe8 0x0000000d
core   0: 0x80000068 (0xfdc42783) lw      a5, -36(s0)
core   0: 3 0x80000068 (0xfdc42783) x15 0x00000015 mem 0x8003ffd8
core   0: 0x8000006c (0xfef42423) sw      a5, -24(s0)
core   0: 3 0x8000006c (0xfef42423) mem 0x8003ffe4 0x00000015
core   0: 0x80000070 (0xfe442783) lw      a5, -28(s0)
core   0: 3 0x80000070 (0xfe442783) x15 0x00000006 mem 0x8003ffe0
core   0: 0x80000074 (0x00178793) addi    a5, a5, 1
core   0: 3 0x80000074 (0x00178793) x15 0x00000007
core   0: 0x80000078 (0xfef42223) sw      a5, -28(s0)
core   0: 3 0x80000078 (0xfef42223) mem 0x8003ffe0 0x00000007
core   0: 0x8000007c (0xfe442703) lw      a4, -28(s0)
core   0: 3 0x8000007c (0xfe442703) x14 0x00000007 mem 0x8003ffe0
core   0: 0x80000080 (0x00900793) li      a5, 9
core   0: 3 0x80000080 (0x00900793) x15 0x00000009
core   0: 0x80000084 (0xfae7fae3) bgeu    a5, a4, pc - 76
core   0: 3 0x80000084 (0xfae7fae3)
core   0: 0x80000038 (0xfe442783) lw      a5, -28(s0)
core   0: 3 0x80000038 (0xfe442783) x15 0x00000007 mem 0x8003ffe0
core   0: 0x8000003c (0x00279793) slli    a5, a5, 2
core   0: 3 0x8000003c (0x00279793) x15 0x0000001c
core   0: 0x80000040 (0xfe042703) lw      a4, -32(s0)
core   0: 3 0x80000040 (0xfe042703) x14 0x80002000 mem 0x8003ffdc
core   0: 0x80000044 (0x00f707b3) add     a5, a4, a5
core   0: 3 0x80000044 (0x00f707b3) x15 0x8000201c
core   0: 0x80000048 (0xfec42703) lw      a4, -20(s0)
core   0: 3 0x80000048 (0xfec42703) x14 0x0000000d mem 0x8003ffe8
core   0: 0x8000004c (0x00e7a023) sw      a4, 0(a5)
core   0: 3 0x8000004c (0x00e7a023) mem 0x8000201c 0x0000000d
core   0: 0x80000050 (0xfec42703) lw      a4, -20(s0)
core   0: 3 0x80000050 (0xfec42703) x14 0x0000000d mem 0x8003ffe8
core   0: 0x80000054 (0xfe842783) lw      a5, -24(s0)
core   0: 3 0x80000054 (0xfe842783) x15 0x00000015 mem 0x8003ffe4
core   0: 0x80000058 (0x00f707b3) add     a5, a4, a5
core   0: 3 0x80000058 (0x00f707b3) x15 0x00000022
core   0: 0x8000005c (0xfcf42e23) sw      a5, -36(s0)
core   0: 3 0x8000005c (0xfcf42e23) mem 0x8003ffd8 0x00000022
core   0: 0x80000060 (0xfe842783) lw      a5, -24(s0)
core   0: 3 0x80000060 (0xfe842783) x15 0x00000015 mem 0x8003ffe4
core   0: 0x80000064 (0xfef42623) sw      a5, -20(s0)
core   0: 3 0x80000064 (0xfef42623) mem 0x8003ffe8 0x00000015
core   0: 0x80000068 (0xfdc42783) lw      a5, -36(s0)
core   0: 3 0x80000068 (0xfdc42783) x15 0x00000022 mem 0x8003ffd8
core   0: 0x8000006c (0xfef42423) sw      a5, -24(s0)
core   0: 3 0x8000006c (0xfef42423) mem 0x8003ffe4 0x00000022
core   0: 0x80000070 (0xfe442783) lw      a5, -28(s0)
core   0: 3 0x80000070 (0xfe442783) x15 0x00000007 mem 0x8003ffe0
core   0: 0x80000074 (0x00178793) addi    a5, a5, 1
core   0: 3 0x80000074 (0x00178793) x15 0x00000008
core   0: 0x80000078 (0xfef42223) sw      a5, -28(s0)
core   0: 3 0x80000078 (0xfef42223) mem 0x8003ffe0 0x00000008
core   0: 0x8000007c (0xfe442703) lw      a4, -28(s0)
core   0: 3 0x8000007c (0xfe442703) x14 0x00000008 mem 0x8003ffe0
core   0: 0x80000080 (0x00900793) li      a5, 9
core   0: 3 0x80000080 (0x00900793) x15 0x00000009
core   0: 0x80000084 (0xfae7fae3) bgeu    a5, a4, pc - 76
core   0: 3 0x80000084 (0xfae7fae3)
core   0: 0x80000038 (0xfe442783) lw      a5, -28(s0)
core   0: 3 0x80000038 (0xfe442783) x15 0x00000008 mem 0x8003ffe0
core   0: 0x8000003c (0x00279793) slli    a5, a5, 2
core   0: 3 0x8000003c (0x00279793) x15 0x00000020
core   0: 0x80000040 (0xfe042703) lw      a4, -32(s0)
core   0: 3 0x80000040 (0xfe042703) x14 0x80002000 mem 0x8003ffdc
core   0: 0x80000044 (0x00f707b3) add     a5, a4, a5
core   0: 3 0x80000044 (0x00f707b3) x15 0x80002020
core   0: 0x80000048 (0xfec42703) lw      a4, -20(s0)
core   0: 3 0x80000048 (0xfec42703) x14 0x00000015 mem 0x8003ffe8
core   0: 0x8000004c (0x00e7a023) sw      a4, 0(a5)
core   0: 3 0x8000004c (0x00e7a023) mem 0x80002020 0x00000015
core   0: 0x80000050 (0xfec42703) lw      a4, -20(s0)
core   0: 3 0x80000050 (0xfec42703) x14 0x00000015 mem 0x8003ffe8
core   0: 0x80000054 (0xfe842783) lw      a5, -24(s0)
core   0: 3 0x80000054 (0xfe842783) x15 0x00000022 mem 0x8003ffe4
core   0: 0x80000058 (0x00f707b3) add     a5, a4, a5
core   0: 3 0x80000058 (0x00f707b3) x15 0x00000037
core   0: 0x8000005c (0xfcf42e23) sw      a5, -36(s0)
core   0: 3 0x8000005c (0xfcf42e23) mem 0x8003ffd8 0x00000037
core   0: 0x80000060 (0xfe842783) lw      a5, -24(s0)
core   0: 3 0x80000060 (0xfe842783) x15 0x00000022 mem 0x8003ffe4
core   0: 0x80000064 (0xfef42623) sw      a5, -20(s0)
core   0: 3 0x80000064 (0xfef42623) mem 0x8003ffe8 0x00000022
core   0: 0x80000068 (0xfdc42783) lw      a5, -36(s0)
core   0: 3 0x80000068 (0xfdc42783) x15 0x00000037 mem 0x8003ffd8
core   0: 0x8000006c (0xfef42423) sw      a5, -24(s0)
core   0: 3 0x8000006c (0xfef42423) mem 0x8003ffe4 0x00000037
core   0: 0x80000070 (0xfe442783) lw      a5, -28(s0)
core   0: 3 0x80000070 (0xfe442783) x15 0x00000008 mem 0x8003ffe0
core   0: 0x80000074 (0x00178793) addi    a5, a5, 1
core   0: 3 0x80000074 (0x00178793) x15 0x00000009
core   0: 0x80000078 (0xfef42223) sw      a5, -28(s0)
core   0: 3 0x80000078 (0xfef42223) mem 0x8003ffe0 0x00000009
core   0: 0x8000007c (0xfe442703) lw      a4, -28(s0)
core   0: 3 0x8000007c (0xfe442703) x14 0x00000009 mem 0x8003ffe0
core   0: 0x80000080 (0x00900793) li      a5, 9
core   0: 3 0x80000080 (0x00900793) x15 0x00000009
core   0: 0x80000084 (0xfae7fae3) bgeu    a5, a4, pc - 76
core   0: 3 0x80000084 (0xfae7fae3)
core   0: 0x80000038 (0xfe442783) lw      a5, -28(s0)
core   0: 3 0x80000038 (0xfe442783) x15 0x00000009 mem 0x8003ffe0
core   0: 0x8000003c (0x00279793) slli    a5, a5, 2
core   0: 3 0x8000003c (0x00279793) x15 0x00000024
core   0: 0x80000040 (0xfe042703) lw      a4, -32(s0)
core   0: 3 0x80000040 (0xfe042703) x14 0x80002000 mem 0x8003ffdc
core   0: 0x80000044 (0x00f707b3) add     a5, a4, a5
core   0: 3 0x80000044 (0x00f707b3) x15 0x80002024
core   0: 0x80000048 (0xfec42703) lw      a4, -20(s0)
core   0: 3 0x80000048 (0xfec42703) x14 0x00000022 mem 0x8003ffe8
core   0: 0x8000004c (0x00e7a023) sw      a4, 0(a5)
core   0: 3 0x8000004c (0x00e7a023) mem 0x80002024 0x00000022
core   0: 0x80000050 (0xfec42703) lw      a4, -20(s0)
core   0: 3 0x80000050 (0xfec42703) x14 0x00000022 mem 0x8003ffe8
core   0: 0x80000054 (0xfe842783) lw      a5, -24(s0)
core   0: 3 0x80000054 (0xfe842783) x15 0x00000037 mem 0x8003ffe4
core   0: 0x80000058 (0x00f707b3) add     a5, a4, a5
core   0: 3 0x80000058 (0x00f707b3) x15 0x00000059
core   0: 0x8000005c (0xfcf42e23) sw      a5, -36(s0)
core   0: 3 0x8000005c (0xfcf42e23) mem 0x8003ffd8 0x00000059
core   0: 0x80000060 (0xfe842783) lw      a5, -24(s0)
core   0: 3 0x80000060 (0xfe842783) x15 0x00000037 mem 0x8003ffe4
core   0: 0x80000064 (0xfef42623) sw      a5, -20(s0)
core   0: 3 0x80000064 (0xfef42623) mem 0x8003ffe8 0x00000037
core   0: 0x80000068 (0xfdc42783) lw      a5, -36(s0)
core   0: 3 0x80000068 (0xfdc42783) x15 0x00000059 mem 0x8003ffd8
core   0: 0x8000006c (0xfef42423) sw      a5, -24(s0)
core   0: 3 0x8000006c (0xfef42423) mem 0x8003ffe4 0x00000059
core   0: 0x80000070 (0xfe442783) lw      a5, -28(s0)
core   0: 3 0x80000070 (0xfe442783) x15 0x00000009 mem 0x8003ffe0
core   0: 0x80000074 (0x00178793) addi    a5, a5, 1
core   0: 3 0x80000074 (0x00178793) x15 0x0000000a
core   0: 0x80000078 (0xfef42223) sw      a5, -28(s0)
core   0: 3 0x80000078 (0xfef42223) mem 0x8003ffe0 0x0000000a
core   0: 0x8000007c (0xfe442703) lw      a4, -28(s0)
core   0: 3 0x8000007c (0xfe442703) x14 0x0000000a mem 0x8003ffe0
core   0: 0x80000080 (0x00900793) li      a5, 9
core   0: 3 0x80000080 (0x00900793) x15 0x00000009
core   0: 0x80000084 (0xfae7fae3) bgeu    a5, a4, pc - 76
core   0: 3 0x80000084 (0xfae7fae3)
core   0: 0x80000088 (0x00100073) ebreak
core   0: exception trap_breakpoint, epc 0x80000088
core   0:           tval 0x80000088
core   0: exception trap_instruction_access_fault, epc 0x00000000
core   0:           tval 0x00000000
core   0: exception trap_instruction_access_fault, epc 0x00000000
core   0:           tval 0x00000000
core   0: exception trap_instruction_access_fault, epc 0x00000000
core   0:           tval 0x00000000
core   0: exception trap_instruction_access_fault, epc 0x00000000
core   0:           tval 0x00000000
core   0: exception trap_instruction_access_fault, epc 0x00000000
core   0:           tval 0x00000000
core   0: exception trap_instruction_access_fault, epc 0x00000000
core   0:           tval 0x00000000
core   0: exception trap_instruction_access_fault, epc 0x00000000
core   0:           tval 0x00000000
core   0: exception trap_instruction_access_fault, epc 0x00000000
core   0:           tval 0x00000000
core   0: exception trap_instruction_access_fault, epc 0x00000000
core   0:           tval 0x00000000
core   0: exception trap_instruction_access_fault, epc 0x00000000
core   0:           tval 0x00000000
core   0: exception trap_instruction_access_fault, epc 0x00000000
core   0:           tval 0x00000000
core   0: exception trap_instruction_access_fault, epc 0x00000000
core   0:           tval 0x00000000
core   0: exception trap_instruction_access_fault, epc 0x00000000
core   0:           tval 0x00000000
core   0: exception trap_instruction_access_fault, epc 0x00000000
core   0:           tval 0x00000000
core   0: exception trap_instruction_access_fault, epc 0x00000000
core   0:           tval 0x00000000
core   0: exception trap_instruction_access_fault, epc 0x00000000
core   0:           tval 0x00000000
core   0: exception trap_instruction_access_fault, epc 0x00000000
core   0:           tval 0x00000000
core   0: exception trap_instruction_access_fault, epc 0x00000000
core   0:           tval 0x00000000
core   0: exception trap_instruction_access_fault, epc 0x00000000
core   0:           tval 0x00000000
core   0: exception trap_instruction_access_fault, epc 0x00000000
core   0:           tval 0x00000000
core   0: exception trap_instruction_access_fault, epc 0x00000000
core   0:           tval 0x00000000
core   0: exception trap_instruction_access_fault, epc 0x00000000
core   0:           tval 0x00000000
core   0: exception trap_instruction_access_fault, epc 0x00000000
core   0:           tval 0x00000000
core   0: exception trap_instruction_access_fault, epc 0x00000000
core   0:           tval 0x00000000
core   0: exception trap_instruction_access_fault, epc 0x00000000
core   0:           tval 0x00000000
core   0: exception trap_instruction_access_fault, epc 0x00000000
core   0:           tval 0x00000000
core   0: exception trap_instruction_access_fault, epc 0x00000000
core   0:           tval 0x00000000
core   0: exception trap_instruction_access_fault, epc 0x00000000
core   0:           tval 0x00000000
core   0: exception trap_instruction_access_fault, epc 0x00000000
core   0:           tval 0x00000000
core   0: exception trap_instruction_access_fault, epc 0x00000000
core   0:           tval 0x00000000
core   0: exception trap_instruction_access_fault, epc 0x00000000
core   0:           tval 0x00000000
core   0: exception trap_instruction_access_fault, epc 0x00000000
core   0:           tval 0x00000000
core   0: exception trap_instruction_access_fault, epc 0x00000000
core   0:           tval 0x00000000
core   0: exception trap_instruction_access_fault, epc 0x00000000
core   0:           tval 0x00000000
core   0: exception trap_instruction_access_fault, epc 0x00000000
core   0:           tval 0x00000000
core   0: exception trap_instruction_access_fault, epc 0x00000000
core   0:           tval 0x00000000
core   0: exception trap_instruction_access_fault, epc 0x00000000
core   0:           tval 0x00000000
core   0: exception trap_instruction_access_fault, epc 0x00000000
core   0:           tval 0x00000000
core   0: exception trap_instruction_access_fault, epc 0x00000000
core   0:           tval 0x00000000
core   0: exception trap_instruction_access_fault, epc 0x00000000
core   0:           tval 0x00000000
core   0: exception trap_instruction_access_fault, epc 0x00000000
core   0:           tval 0x00000000
core   0: exception trap_instruction_access_fault, epc 0x00000000
core   0:           tval 0x00000000
core   0: exception trap_instruction_access_fault, epc 0x00000000
core   0:           tval 0x00000000
core   0: exception trap_instruction_access_fault, epc 0x00000000
core   0:           tval 0x00000000
core   0: exception trap_instruction_access_fault, epc 0x00000000
core   0:           tval 0x00000000
core   0: exception trap_instruction_access_fault, epc 0x00000000
core   0:           tval 0x00000000
core   0: exception trap_instruction_access_fault, epc 0x00000000
core   0:           tval 0x00000000
core   0: exception trap_instruction_access_fault, epc 0x00000000
core   0:           tval 0x00000000
core   0: exception trap_instruction_access_fault, epc 0x00000000
core   0:           tval 0x00000000
core   0: exception trap_instruction_access_fault, epc 0x00000000
core   0:           tval 0x00000000
core   0: exception trap_instruction_access_fault, epc 0x00000000
core   0:           tval 0x00000000
core   0: exception trap_instruction_access_fault, epc 0x00000000
core   0:           tval 0x00000000
core   0: exception trap_instruction_access_fault, epc 0x00000000
core   0:           tval 0x00000000
core   0: exception trap_instruction_access_fault, epc 0x00000000
core   0:           tval 0x00000000
core   0: exception trap_instruction_access_fault, epc 0x00000000
core   0:           tval 0x00000000
core   0: exception trap_instruction_access_fault, epc 0x00000000
core   0:           tval 0x00000000
core   0: exception trap_instruction_access_fault, epc 0x00000000
core   0:           tval 0x00000000
core   0: exception trap_instruction_access_fault, epc 0x00000000
core   0:           tval 0x00000000
core   0: exception trap_instruction_access_fault, epc 0x00000000
core   0:           tval 0x00000000
core   0: exception trap_instruction_access_fault, epc 0x00000000
core   0:           tval 0x00000000
core   0: exception trap_instruction_access_fault, epc 0x00000000
core   0:           tval 0x00000000
core   0: exception trap_instruction_access_fault, epc 0x00000000
core   0:           tval 0x00000000
core   0: exception trap_instruction_access_fault, epc 0x00000000
core   0:           tval 0x00000000
core   0: exception trap_instruction_access_fault, epc 0x00000000
core   0:           tval 0x00000000
core   0: exception trap_instruction_access_fault, epc 0x00000000
core   0:           tval 0x00000000
core   0: exception trap_instruction_access_fault, epc 0x00000000
core   0:           tval 0x00000000
core   0: exception trap_instruction_access_fault, epc 0x00000000
core   0:           tval 0x00000000
core   0: exception trap_instruction_access_fault, epc 0x00000000
core   0:           tval 0x00000000
core   0: exception trap_instruction_access_fault, epc 0x00000000
core   0:           tval 0x00000000
core   0: exception trap_instruction_access_fault, epc 0x00000000
core   0:           tval 0x00000000
core   0: exception trap_instruction_access_fault, epc 0x00000000
core   0:           tval 0x00000000
core   0: exception trap_instruction_access_fault, epc 0x00000000
core   0:           tval 0x00000000
core   0: exception trap_instruction_access_fault, epc 0x00000000
core   0:           tval 0x00000000
core   0: exception trap_instruction_access_fault, epc 0x00000000
core   0:           tval 0x00000000
core   0: exception trap_instruction_access_fault, epc 0x00000000
core   0:           tval 0x00000000
core   0: exception trap_instruction_access_fault, epc 0x00000000
core   0:           tval 0x00000000
core   0: exception trap_instruction_access_fault, epc 0x00000000
core   0:           tval 0x00000000
core   0: exception trap_instruction_access_fault, epc 0x00000000
core   0:           tval 0x00000000
core   0: exception trap_instruction_access_fault, epc 0x00000000
core   0:           tval 0x00000000
